[ghost.estudiopatagon.com/rein/index.html]
[backblue.gif]
[fade.gif]
[index.html]
[ghost.estudiopatagon.com/rein/favicon.ico]
[ghost.estudiopatagon.com/rein/assets/dist/style.minfefa.css]
[ghost.estudiopatagon.com/rein/content/images/2019/07/logo-v2@2x.png]
[ghost.estudiopatagon.com/rein/assets/dist/plugins.minfefa.css]
[ghost.estudiopatagon.com/rein/page/2/index.html]
[ghost.estudiopatagon.com/rein/rss/index.html]
[ghost.estudiopatagon.com/rein/content/images/size/w700h500/2019/07/photo-1530021232320-687d8e3dba54.jpg]
[ghost.estudiopatagon.com/rein/fullwidth/index.html]
[ghost.estudiopatagon.com/rein/classic/index.html]
[ghost.estudiopatagon.com/rein/content/images/size/w700h500/2019/07/photo-1531756346973-7b893b8dbbdd.jpg]
[ghost.estudiopatagon.com/rein/author/jonathan-doe/index.html]
[ghost.estudiopatagon.com/rein/style-guide/index.html]
[ghost.estudiopatagon.com/rein/content/images/size/w700h500/2019/07/photo-1494500764479-0c8f2919a3d8.jpg]
[ghost.estudiopatagon.com/rein/subscribe/index.html]
[ghost.estudiopatagon.com/rein/content/images/size/w700h500/2019/07/tony-reid-PGdMhonLLZk-unsplash-2.jpg]
[ghost.estudiopatagon.com/rein/apps-integrations/index.html]
[ghost.estudiopatagon.com/rein/author/steven-kotchen/index.html]
[ghost.estudiopatagon.com/rein/the-editor/index.html]
[ghost.estudiopatagon.com/rein/tag/lifestyle/index.html]
[ghost.estudiopatagon.com/rein/content/images/size/w160h160/2019/07/photo-1531756346973-7b893b8dbbdd.jpg]
[ghost.estudiopatagon.com/rein/tag/places/index.html]
[ghost.estudiopatagon.com/rein/content/images/size/w160h160/2019/07/photo-1494500764479-0c8f2919a3d8.jpg]
[ghost.estudiopatagon.com/rein/organising-content/index.html]
[ghost.estudiopatagon.com/rein/content/images/size/w160h160/2019/07/austin-distel-M1aegHe2j6g-unsplash.jpg]
[ghost.estudiopatagon.com/rein/content/images/size/w160h160/2019/07/tony-reid-PGdMhonLLZk-unsplash-2.jpg]
[ghost.estudiopatagon.com/rein/assets/images/bannerfefa.png]
[ghost.estudiopatagon.com/rein/content/images/size/w160h160/2019/07/photo-1531756346973-7b893b8dbbdd-1.jpg]
[ghost.estudiopatagon.com/rein/content/images/size/w160h160/2019/07/kal-visuals-QAB-WJcbgJk-unsplash.jpg]
[ghost.estudiopatagon.com/rein/tag/fullcover/index.html]
[ghost.estudiopatagon.com/rein/tag/health/index.html]
[ghost.estudiopatagon.com/rein/content/images/size/w160h160/2019/07/parker-coffman-1698322-unsplash-1.jpg]
[ghost.estudiopatagon.com/rein/index.html]
[ghost.estudiopatagon.com/rein/assets/images/bg-subscribe.jpg]
[ghost.estudiopatagon.com/rein/assets/dist/style.minfefa.css]
[ghost.estudiopatagon.com/rein/assets/fonts/remixicon5a65.woff2]
[ghost.estudiopatagon.com/rein/assets/fonts/fontawesome-webfont3e6e.woff]
[ghost.estudiopatagon.com/rein/assets/dist/scripts.minfefa.js]
[ghost.estudiopatagon.com/rein/assets/fonts/remixicon5a65.ttf]
[ghost.estudiopatagon.com/rein/assets/fonts/fontawesome-webfontd41d.eot]
[ghost.estudiopatagon.com/rein/assets/images/right-arrow.svg]
[ghost.estudiopatagon.com/rein/assets/fonts/fontawesome-webfont3e6e.svg]
[ghost.estudiopatagon.com/rein/assets/dist/plugins.minfefa.css]
[ghost.estudiopatagon.com/rein/assets/images/left-arrow.svg]
[ghost.estudiopatagon.com/rein/content/images/size/w700h500/2019/07/dollar-gill-VW1xJfuOj2g-unsplash.jpg]
[ghost.estudiopatagon.com/rein/content/images/size/w700h500/2019/07/benjamin-suter-1589898-unsplash-2.jpg]
[ghost.estudiopatagon.com/rein/themes/index.html]
[ghost.estudiopatagon.com/rein/page/2/index.html]
[ghost.estudiopatagon.com/rein/assets/fonts/fontawesome-webfont3e6e.ttf]
[ghost.estudiopatagon.com/rein/syntax-highlight-code-example/index.html]
[ghost.estudiopatagon.com/rein/classic/amp/index.html]
[ghost.estudiopatagon.com/rein/content/images/size/w760h400/2019/07/photo-1530021232320-687d8e3dba54.jpg]
[ghost.estudiopatagon.com/rein/content/images/2019/07/parker-coffman-1698322-unsplash-1.jpg]
[ghost.estudiopatagon.com/rein/content/images/size/w600h450/2019/07/photo-1531756346973-7b893b8dbbdd.jpg]
[ghost.estudiopatagon.com/rein/classic/index.html]
[ghost.estudiopatagon.com/rein/content/images/size/w1500h500/2019/07/austin-distel-M1aegHe2j6g-unsplash.jpg]
[ghost.estudiopatagon.com/rein/fullwidth/amp/index.html]
[ghost.estudiopatagon.com/rein/content/images/2019/07/mika-novo-1283478-unsplash-2.jpg]
[ghost.estudiopatagon.com/rein/content/images/2019/07/tony-reid-PGdMhonLLZk-unsplash-1.jpg]
[ghost.estudiopatagon.com/rein/fullwidth/index.html]
[ghost.estudiopatagon.com/rein/assets/images/right-arrowfefa.svg]
[ghost.estudiopatagon.com/rein/author/jonathan-doe/index.html]
[ghost.estudiopatagon.com/rein/content/images/size/w1500h500/2019/07/sandro-katalina-k1bO_VTiZSs-unsplash-2.jpg]
[ghost.estudiopatagon.com/rein/content/images/2019/07/alex-knight-1YezU5uMjLw-unsplash-1.jpg]
[ghost.estudiopatagon.com/rein/style-guide/amp/index.html]
[ghost.estudiopatagon.com/rein/content/images/2019/07/laura-cleffmann-t2GoWUGLgVo-unsplash.jpg]
[ghost.estudiopatagon.com/rein/content/images/2019/07/noah-buscher-iQRgCw9v6YE-unsplash-1.jpg]
[ghost.estudiopatagon.com/rein/style-guide/index.html]
[ghost.estudiopatagon.com/rein/subscribe/index.html]
[ghost.estudiopatagon.com/rein/content/images/size/w760h400/2019/07/photo-1531756346973-7b893b8dbbdd.jpg]
[ghost.estudiopatagon.com/rein/apps-integrations/amp/index.html]
[zapier.com/apps/embed/widget44b4.js]
[ghost.estudiopatagon.com/rein/apps-integrations/index.html]
[ghost.estudiopatagon.com/rein/rein/apps-integrations/index.html]
[ghost.estudiopatagon.com/rein/author/steven-kotchen/index.html]
[ghost.estudiopatagon.com/rein/tag/technology/index.html]
[ghost.estudiopatagon.com/rein/content/images/size/w760h400/2019/07/photo-1494500764479-0c8f2919a3d8.jpg]
[ghost.estudiopatagon.com/rein/the-editor/amp/index.html]
[static.ghost.org/v2.0.0/images/formatting-editor-demo.gif]
[static.ghost.org/v2.0.0/images/using-images-demo.gif]
[ghost.estudiopatagon.com/rein/the-editor/index.html]
[ghost.estudiopatagon.com/rein/rein/the-editor/index.html]
[ghost.estudiopatagon.com/rein/content/images/2019/07/kal-visuals-QAB-WJcbgJk-unsplash.jpg]
[ghost.estudiopatagon.com/rein/tag/lifestyle/index.html]
[ghost.estudiopatagon.com/rein/content/images/size/w700h500/2019/07/austin-distel-M1aegHe2j6g-unsplash.jpg]
[ghost.estudiopatagon.com/rein/tag/places/index.html]
[ghost.estudiopatagon.com/rein/admin-settings/index.html]
[ghost.estudiopatagon.com/rein/organising-content/index.html]
[ghost.estudiopatagon.com/rein/organising-content/amp/index.html]
[ghost.estudiopatagon.com/rein/tag/health/index.html]
[ghost.estudiopatagon.com/rein/content/images/size/w160h160/2019/07/photo-1530021232320-687d8e3dba54.jpg]
[ghost.estudiopatagon.com/rein/tag/fullcover/index.html]
[ghost.estudiopatagon.com/rein/rein/organising-content/index.html]
[ghost.estudiopatagon.com/rein/content/images/size/w160h160/2019/07/benjamin-suter-1589898-unsplash.jpg]
[ghost.estudiopatagon.com/rein/assets/fonts/remixicon5a65.woff]
[ghost.estudiopatagon.com/rein/assets/fonts/fontawesome-webfont3e6e.woff2]
[ghost.estudiopatagon.com/rein/assets/fonts/fontawesome-webfont3e6e.svg]
[ghost.estudiopatagon.com/rein/assets/images/right-arrow.svg]
[ghost.estudiopatagon.com/rein/assets/images/left-arrow.svg]
[ghost.estudiopatagon.com/rein/themes/amp/index.html]
[static.ghost.org/v1.0.0/images/marketplace.jpg]
[ghost.estudiopatagon.com/rein/content/images/size/w600h450/2019/07/benjamin-suter-1589898-unsplash-2.jpg]
[ghost.estudiopatagon.com/rein/assets/fonts/remixicon5a65.eot]
[ghost.estudiopatagon.com/rein/themes/index.html]
[ghost.estudiopatagon.com/rein/rein/themes/index.html]
[ghost.estudiopatagon.com/rein/content/images/size/w760h400/2019/07/benjamin-suter-1589898-unsplash-2.jpg]
[ghost.estudiopatagon.com/rein/syntax-highlight-code-example/amp/index.html]
[ghost.estudiopatagon.com/rein/content/images/size/w600h450/2019/07/dollar-gill-VW1xJfuOj2g-unsplash.jpg]
[ghost.estudiopatagon.com/rein/syntax-highlight-code-example/index.html]
[ghost.estudiopatagon.com/rein/rein/syntax-highlight-code-example/index.html]
[ghost.estudiopatagon.com/rein/content/images/2019/07/photo-1530021232320-687d8e3dba54.jpg]
[cdn.ampproject.org/v0.js]
[ghost.estudiopatagon.com/rein/classic/amp/index.html]
[ghost.estudiopatagon.com/rein/content/images/2019/07/sandro-katalina-k1bO_VTiZSs-unsplash-3.jpg]
[ghost.estudiopatagon.com/rein/assets/images/left-arrowfefa.svg]
[ghost.estudiopatagon.com/rein/rein/classic/index.html]
[ghost.estudiopatagon.com/rein/content/images/2019/07/austin-distel-M1aegHe2j6g-unsplash.jpg]
[ghost.estudiopatagon.com/rein/fullwidth/amp/index.html]
[ghost.estudiopatagon.com/rein/content/images/2019/07/dan-gold-CCKcwh7s9A4-unsplash-1.jpg]
[ghost.estudiopatagon.com/rein/content/images/2019/07/christian-buehner-JQFHdpOKz2k-unsplash.jpg]
[ghost.estudiopatagon.com/rein/assets/images/right-arrowfefa.svg]
[ghost.estudiopatagon.com/rein/rein/fullwidth/index.html]
[ghost.estudiopatagon.com/rein/style-guide/amp/index.html]
[ghost.estudiopatagon.com/rein/content/images/2019/07/mika-novo-1283478-unsplash-1.jpg]
[ghost.estudiopatagon.com/rein/tag/getting-started/index.html]
[ghost.estudiopatagon.com/rein/content/images/2019/07/tony-reid-PGdMhonLLZk-unsplash.jpg]
[ghost.estudiopatagon.com/rein/apps-integrations/amp/index.html]
[ghost.estudiopatagon.com/rein/rein/apps-integrations/index.html]
[ghost.estudiopatagon.com/rein/content/images/2019/07/photo-1531756346973-7b893b8dbbdd-1.jpg]
[ghost.estudiopatagon.com/rein/tag/technology/index.html]
[cdn.ampproject.org/v0/amp-anim-0.1.js]
[ghost.estudiopatagon.com/rein/the-editor/amp/index.html]
[ghost.estudiopatagon.com/rein/publishing-options/index.html]
[ghost.estudiopatagon.com/rein/rein/the-editor/index.html]
[ghost.estudiopatagon.com/rein/content/images/2019/07/benjamin-suter-1589898-unsplash.jpg]
[ghost.estudiopatagon.com/rein/content/images/size/w760h400/2019/07/tony-reid-PGdMhonLLZk-unsplash-2.jpg]
[ghost.estudiopatagon.com/rein/admin-settings/amp/index.html]
[static.ghost.org/v1.0.0/images/private.png]
[ghost.estudiopatagon.com/rein/admin-settings/index.html]
[ghost.estudiopatagon.com/rein/rein/admin-settings/index.html]
[ghost.estudiopatagon.com/rein/organising-content/amp/index.html]
[ghost.estudiopatagon.com/rein/rein/organising-content/index.html]
[ghost.estudiopatagon.com/rein/content/images/size/w160h160/2019/07/austin-distel-M1aegHe2j6g-unsplash-1.jpg]
[ghost.estudiopatagon.com/rein/content/images/2019/07/dollar-gill-VW1xJfuOj2g-unsplash.jpg]
[ghost.estudiopatagon.com/rein/themes/amp/index.html]
[ghost.estudiopatagon.com/rein/content/images/size/w760h400/2019/07/dollar-gill-VW1xJfuOj2g-unsplash.jpg]
[ghost.estudiopatagon.com/rein/rein/themes/index.html]
[ghost.estudiopatagon.com/rein/content/images/2019/07/benjamin-suter-1589898-unsplash-2.jpg]
[ghost.estudiopatagon.com/rein/syntax-highlight-code-example/amp/index.html]
[ghost.estudiopatagon.com/rein/rein/syntax-highlight-code-example/index.html]
[ghost.estudiopatagon.com/rein/assets/images/left-arrowfefa.svg]
[ghost.estudiopatagon.com/rein/rein/classic/index.html]
[ghost.estudiopatagon.com/rein/ghost/settings/code-injection/index.html]
[ghost.estudiopatagon.com/rein/ghost/index.html]
[ghost.estudiopatagon.com/rein/rein/fullwidth/index.html]
[ghost.estudiopatagon.com/rein/content/images/2019/07/austin-distel-M1aegHe2j6g-unsplash-1.jpg]
[ghost.estudiopatagon.com/rein/tag/getting-started/index.html]
[ghost.estudiopatagon.com/rein/content/images/2019/07/photo-1531756346973-7b893b8dbbdd.jpg]
[ghost.estudiopatagon.com/rein/content/images/2019/07/photo-1494500764479-0c8f2919a3d8.jpg]
[ghost.estudiopatagon.com/rein/publishing-options/index.html]
[ghost.estudiopatagon.com/rein/content/images/2019/07/tony-reid-PGdMhonLLZk-unsplash-2.jpg]
[ghost.estudiopatagon.com/rein/admin-settings/amp/index.html]
[ghost.estudiopatagon.com/rein/rein/admin-settings/index.html]
[ghost.estudiopatagon.com/rein/assets/fonts/fontawesome-webfont3e6e.eot]
[ghost.estudiopatagon.com/rein/ghost/assets/img/favicon.ico]
[ghost.estudiopatagon.com/rein/ghost/assets/img/touch-icon-iphone-d2790931c3477664981061ed9fa5242e.png]
[ghost.estudiopatagon.com/rein/ghost/assets/img/touch-icon-ipad-3117c0fa950d0fc43c95becef61f4167.png]
[ghost.estudiopatagon.com/rein/ghost/assets/img/small-42ff134f320b8b5a6eca3781c4e4b2db.png]
[ghost.estudiopatagon.com/rein/ghost/assets/img/medium-7359075af28d69523987ff4c0e2067c5.png]
[ghost.estudiopatagon.com/rein/ghost/assets/img/large-bf46e150380a4979a7389b45f5bb479d.png]
[ghost.estudiopatagon.com/rein/ghost/assets/vendor.min-e80c50b3effa149734ab96b786349748.css]
[ghost.estudiopatagon.com/rein/ghost/index.html]
[ghost.estudiopatagon.com/rein/ghost/settings/general/index.html]
[ghost.estudiopatagon.com/rein/ghost/assets/vendor.min-e80c50b3effa149734ab96b786349748.css]
[ghost.estudiopatagon.com/rein/ghost/assets/ghost.min-d24e772266b23f964e2da9f4e77f1445.css]
[ghost.estudiopatagon.com/rein/ghost/assets/ghost.min-d24e772266b23f964e2da9f4e77f1445.css]
[ghost.estudiopatagon.com/rein/ghost/assets/ghost.min-6ce7cf8abc121e4a185cb678da71152c.js]
[ghost.estudiopatagon.com/rein/ghost/assets/vendor.min-d6e2acf5e78bc4970b516fdc78add548.js]
